<?xml version="1.0" encoding="UTF-8"?>
<testsuites name="jest tests" tests="5" failures="1" time="3.25">
  <testsuite name="Contacts APP" errors="0" failures="1" skipped="0" timestamp="2020-05-28T01:16:11" time="2.634" tests="5">
    <testcase classname="Contacts APP Should render APP" name="Contacts APP Should render APP" time="0.061">
    </testcase>
    <testcase classname="Contacts APP Should render Contact component" name="Contacts APP Should render Contact component" time="0.025">
      <failure>TypeError: Cannot read property &apos;avatar&apos; of undefined
    at Contact.render (C:\Users\steph\codenation\react-14\src\components\Contact.jsx:10:53)
    at finishClassComponent (C:\Users\steph\codenation\react-14\node_modules\react-dom\cjs\react-dom.development.js:17160:31)
    at updateClassComponent (C:\Users\steph\codenation\react-14\node_modules\react-dom\cjs\react-dom.development.js:17110:24)
    at beginWork (C:\Users\steph\codenation\react-14\node_modules\react-dom\cjs\react-dom.development.js:18620:16)
    at HTMLUnknownElement.callCallback (C:\Users\steph\codenation\react-14\node_modules\react-dom\cjs\react-dom.development.js:188:14)
    at invokeEventListeners (C:\Users\steph\codenation\react-14\node_modules\jsdom\lib\jsdom\living\events\EventTarget-impl.js:193:27)
    at HTMLUnknownElementImpl._dispatch (C:\Users\steph\codenation\react-14\node_modules\jsdom\lib\jsdom\living\events\EventTarget-impl.js:119:9)
    at HTMLUnknownElementImpl.dispatchEvent (C:\Users\steph\codenation\react-14\node_modules\jsdom\lib\jsdom\living\events\EventTarget-impl.js:82:17)
    at HTMLUnknownElementImpl.dispatchEvent (C:\Users\steph\codenation\react-14\node_modules\jsdom\lib\jsdom\living\nodes\HTMLElement-impl.js:30:27)
    at HTMLUnknownElement.dispatchEvent (C:\Users\steph\codenation\react-14\node_modules\jsdom\lib\jsdom\living\generated\EventTarget.js:157:21)
    at Object.invokeGuardedCallbackDev (C:\Users\steph\codenation\react-14\node_modules\react-dom\cjs\react-dom.development.js:237:16)
    at invokeGuardedCallback (C:\Users\steph\codenation\react-14\node_modules\react-dom\cjs\react-dom.development.js:292:31)
    at beginWork$1 (C:\Users\steph\codenation\react-14\node_modules\react-dom\cjs\react-dom.development.js:23203:7)
    at performUnitOfWork (C:\Users\steph\codenation\react-14\node_modules\react-dom\cjs\react-dom.development.js:22157:12)
    at workLoopSync (C:\Users\steph\codenation\react-14\node_modules\react-dom\cjs\react-dom.development.js:22130:22)
    at performSyncWorkOnRoot (C:\Users\steph\codenation\react-14\node_modules\react-dom\cjs\react-dom.development.js:21756:9)
    at scheduleUpdateOnFiber (C:\Users\steph\codenation\react-14\node_modules\react-dom\cjs\react-dom.development.js:21188:7)
    at updateContainer (C:\Users\steph\codenation\react-14\node_modules\react-dom\cjs\react-dom.development.js:24373:3)
    at C:\Users\steph\codenation\react-14\node_modules\react-dom\cjs\react-dom.development.js:24758:7
    at unbatchedUpdates (C:\Users\steph\codenation\react-14\node_modules\react-dom\cjs\react-dom.development.js:21903:12)
    at legacyRenderSubtreeIntoContainer (C:\Users\steph\codenation\react-14\node_modules\react-dom\cjs\react-dom.development.js:24757:5)
    at Object.render (C:\Users\steph\codenation\react-14\node_modules\react-dom\cjs\react-dom.development.js:24840:10)
    at C:\Users\steph\codenation\react-14\node_modules\@testing-library\react\dist\pure.js:86:25
    at batchedUpdates$1 (C:\Users\steph\codenation\react-14\node_modules\react-dom\cjs\react-dom.development.js:21856:12)
    at act (C:\Users\steph\codenation\react-14\node_modules\react-dom\cjs\react-dom-test-utils.development.js:929:14)
    at render (C:\Users\steph\codenation\react-14\node_modules\@testing-library\react\dist\pure.js:82:26)
    at Object.&lt;anonymous&gt; (C:\Users\steph\codenation\react-14\src\__tests__\submit.test.js:35:29)
    at Object.asyncJestTest (C:\Users\steph\codenation\react-14\node_modules\jest-jasmine2\build\jasmineAsyncInstall.js:102:37)
    at C:\Users\steph\codenation\react-14\node_modules\jest-jasmine2\build\queueRunner.js:43:12
    at new Promise (&lt;anonymous&gt;)
    at mapper (C:\Users\steph\codenation\react-14\node_modules\jest-jasmine2\build\queueRunner.js:26:19)
    at C:\Users\steph\codenation\react-14\node_modules\jest-jasmine2\build\queueRunner.js:73:41</failure>
    </testcase>
    <testcase classname="Contacts APP Should render Contacts component" name="Contacts APP Should render Contacts component" time="0.004">
    </testcase>
    <testcase classname="Contacts APP Should render Filters component" name="Contacts APP Should render Filters component" time="0.004">
    </testcase>
    <testcase classname="Contacts APP Should render Topbar component" name="Contacts APP Should render Topbar component" time="0.002">
    </testcase>
  </testsuite>
</testsuites>